2025-08-13 23:47:20,153-INFO-Test data loaded successfully.
2025-08-13 23:47:20,153-INFO-Navigating to module: Work Orders, sub-module: Airfield Work Orders
2025-08-13 23:47:20,185-INFO-Closed feedback modal if present.
2025-08-13 23:47:24,691-INFO-Clicked on Apps.
2025-08-13 23:47:26,917-INFO-Clicked on module: Work Orders
2025-08-13 23:47:27,187-INFO-Clicked on sub-module: Airfield Work Orders
2025-08-13 23:47:32,755-INFO-Current Work Order status: In Progress
2025-08-13 23:47:32,756-INFO-Status 'Maintenance Review' does not match current status.
2025-08-13 23:47:32,756-INFO-Found matching status: In Progress, proceeding to view.
2025-08-13 23:47:38,445-INFO-Clicked on Actions.
2025-08-13 23:47:43,826-INFO-click on 'Send Email' option under action.
2025-08-13 23:47:43,972-INFO-Opened Email Recipients dropdown.
2025-08-13 23:47:44,602-INFO-Selected user or role: Prasad QA
2025-08-13 23:47:44,849-INFO-Entered external email: damodar@aerosimple.in
2025-08-13 23:47:44,999-INFO-Clicked on Send button to submit email.
2025-08-16 13:41:55,489-INFO-Test data loaded successfully.
2025-08-16 13:41:55,490-INFO-Navigating to module: Work Orders, sub-module: Airfield Work Orders
2025-08-16 13:41:55,606-INFO-Closed feedback modal if present.
2025-08-16 13:42:00,841-INFO-Clicked on Apps.
2025-08-16 13:42:02,005-INFO-Clicked on module: Work Orders
2025-08-16 13:42:02,416-INFO-Clicked on sub-module: Airfield Work Orders
2025-08-16 13:42:09,213-INFO-Current Work Order status: In Progress
2025-08-16 13:42:09,213-INFO-Status 'Maintenance Review' does not match current status.
2025-08-16 13:42:09,213-INFO-Found matching status: In Progress, proceeding to view.
2025-08-16 13:42:15,198-INFO-Clicked on Actions.
2025-08-16 13:42:20,581-INFO-click on 'Send Email' option under action.
2025-08-16 13:42:20,725-INFO-Opened Email Recipients dropdown.
2025-08-16 13:42:21,391-INFO-Selected user or role: Prasad QA
2025-08-16 13:42:21,624-INFO-Entered external email: damodar@aerosimple.in
2025-08-16 13:42:21,819-INFO-Clicked on Send button to submit email.
